Microchip MPLAB XC8 Compiler V2.05 ()

Linker command line:

-W-3 --edf=C:\Progranm Files (x86)\Microchip\xc8\v2.05\pic\dat\en_msgs.txt \
  -cs -h+dist/default/debug\max7219-display-7-segmentos.X.debug.sym \
  --cmf=dist/default/debug\max7219-display-7-segmentos.X.debug.cmf -z \
  -Q16F877A -oC:\Users\ce\AppData\Local\Temp\s42o.2 \
  --defsym=__MPLAB_BUILD=1 \
  -Mdist/default/debug/max7219-display-7-segmentos.X.debug.map -E1 -ver=XC8 \
  --acfsm=1493 -ASTACK=0110h-016Fh -pstack=STACK -ACODE=00h-07FFhx4 \
  -ASTRCODE=00h-01FFFh -ASTRING=00h-0FFhx32 -ACONST=00h-0FFhx32 \
  -AENTRY=00h-0FFhx32 -ACOMMON=070h-07Fh -ABANK0=020h-06Fh \
  -ABANK1=0A0h-0EFh -ABANK2=0110h-016Fh -ABANK3=0190h-01EFh \
  -ARAM=020h-06Fh,0A0h-0EFh,0110h-016Fh,0190h-01EFh \
  -AABS1=020h-07Fh,0A0h-0EFh,0110h-016Fh,0190h-01EFh -ASFR0=00h-01Fh \
  -ASFR1=080h-09Fh -ASFR2=0100h-010Fh -ASFR3=0180h-018Fh \
  -preset_vec=00h,intentry,init,end_init -ppowerup=CODE -pcinit=CODE \
  -pfunctab=ENTRY -ACONFIG=02007h-02007h -pconfig=CONFIG -DCONFIG=2 \
  -AIDLOC=02000h-02003h -pidloc=IDLOC -DIDLOC=2 -AEEDATA=00h-0FFh/02100h \
  -peeprom_data=EEDATA -DEEDATA=2 -DCODE=2 -DSTRCODE=2 -DSTRING=2 -DCONST=2 \
  -DENTRY=2 -k C:\Users\ce\AppData\Local\Temp\s42o.o \
  dist/default/debug\max7219-display-7-segmentos.X.debug.o 

Object code version is 3.11

Machine type is 16F877A



                Name                               Link     Load   Length Selector   Space Scale
C:\Users\ce\AppData\Local\Temp\s42o.o
                end_init                              0        0        3        0       0
                config                             2007     2007        1     400E       0
dist/default/debug\max7219-display-7-segmentos.X.debug.o
                cinit                               7F9      7F9        7      FF2       0
                text8                               7A0      7A0       59      F40       0
                text7                               704      704       4B      E08       0
                text6                               686      686       3C      D0C       0
                text5                               61E      61E       31      C3C       0
                text4                               5E5      5E5       15      BCA       0
                text3                               74F      74F       51      E9E       0
                text2                               5FA      5FA       24      BF4       0
                text1                               64F      64F       37      C9E       0
                maintext                            6C2      6C2       42      D84       0
                cstackBANK0                          20       20        E       20       1
                cstackCOMMON                         70       70        E       70       1
                bssBANK0                             2E       2E        1       20       1
                strings                               3        3       10        6       0

TOTAL           Name                               Link     Load   Length     Space
        CLASS   STACK          

        CLASS   CODE           
                end_init                              0        0        3         0
                cinit                               7F9      7F9        7         0
                text8                               7A0      7A0       59         0
                text7                               704      704       4B         0
                text6                               686      686       3C         0
                text5                               61E      61E       31         0
                text4                               5E5      5E5       15         0
                text3                               74F      74F       51         0
                text2                               5FA      5FA       24         0
                text1                               64F      64F       37         0
                maintext                            6C2      6C2       42         0

        CLASS   STRCODE        

        CLASS   STRING         
                strings                               3        3       10         0

        CLASS   CONST          

        CLASS   ENTRY          

        CLASS   COMMON         
                cstackCOMMON                         70       70        E         1

        CLASS   BANK0          
                cstackBANK0                          20       20        E         1
                bssBANK0                             2E       2E        1         1

        CLASS   BANK1          

        CLASS   BANK2          

        CLASS   BANK3          

        CLASS   RAM            

        CLASS   ABS1           
                abs_s1                               7E       7E        2         1

        CLASS   SFR0           

        CLASS   SFR1           

        CLASS   SFR2           

        CLASS   SFR3           

        CLASS   CONFIG         
                config                             2007     2007        1         0

        CLASS   IDLOC          

        CLASS   EEDATA         



SEGMENTS        Name                           Load    Length   Top    Selector   Space  Class     Delta

                reset_vec                      000000  000003  000003         0       0  CODE        2
                strings                        000003  000010  000013         6       0  STRING      2
                cstackBANK0                    000020  00000F  00002F        20       1  BANK0       1
                cstackCOMMON                   000070  00000E  00007E        70       1  COMMON      1
                text4                          0005E5  000015  0005FA       BCA       0  CODE        2
                text2                          0005FA  000024  00061E       BF4       0  CODE        2
                text5                          00061E  000031  00064F       C3C       0  CODE        2
                text1                          00064F  000037  000686       C9E       0  CODE        2
                text6                          000686  00003C  0006C2       D0C       0  CODE        2
                maintext                       0006C2  000042  000704       D84       0  CODE        2
                text7                          000704  00004B  00074F       E08       0  CODE        2
                text3                          00074F  000051  0007A0       E9E       0  CODE        2
                text8                          0007A0  000059  0007F9       F40       0  CODE        2
                cinit                          0007F9  000007  000800       FF2       0  CODE        2
                config                         002007  000001  002008      400E       0  CONFIG      2


UNUSED ADDRESS RANGES

        Name                Unused          Largest block    Delta
        BANK0            002F-006F             41           1
        BANK1            00A0-00EF             50           1
        BANK2            0110-016F             60           1
        BANK3            0190-01EF             60           1
        CODE             0013-05E4            5D2           2
                         0800-1FFF            800
        CONST            0013-05E4            100           2
                         0800-1FFF            100
        EEDATA           2100-21FF            100           2
        ENTRY            0013-05E4            100           2
                         0800-1FFF            100
        IDLOC            2000-2003              4           2
        RAM              002F-006F             41           1
                         00A0-00EF             50
                         0110-016F             60
                         0190-01EF             60
        SFR0             0000-001F             20           1
        SFR1             0080-009F             20           1
        SFR2             0100-010F             10           1
        SFR3             0180-018F             10           1
        STACK            0110-016F             60           1
        STRCODE          0013-05E4            5D2           2
                         0800-1FFF           1800
        STRING           0013-05E4            100           2
                         0800-1FFF            100

                                  Symbol Table

?___awdiv                           cstackCOMMON 0070
?___awmod                           cstackCOMMON 0070
_PORTCbits                          (abs)        0007
_TRISCbits                          (abs)        0087
__CFG_BOREN$ON                      (abs)        0000
__CFG_CP$OFF                        (abs)        0000
__CFG_CPD$OFF                       (abs)        0000
__CFG_FOSC$HS                       (abs)        0000
__CFG_LVP$ON                        (abs)        0000
__CFG_PWRTE$OFF                     (abs)        0000
__CFG_WDTE$OFF                      (abs)        0000
__CFG_WRT$OFF                       (abs)        0000
__Habs1                             abs1         0000
__Hbank0                            bank0        0000
__Hbank1                            bank1        0000
__Hbank2                            bank2        0000
__Hbank3                            bank3        0000
__HbssBANK0                         bssBANK0     0000
__Hcinit                            cinit        0800
__Hclrtext                          clrtext      0000
__Hcode                             code         0000
__Hcommon                           common       0000
__Hconfig                           config       2008
__HcstackBANK0                      cstackBANK0  0000
__HcstackCOMMON                     cstackCOMMON 0000
__Heeprom_data                      eeprom_data  0000
__Hend_init                         end_init     0003
__Hfunctab                          functab      0000
__Hidloc                            idloc        0000
__Hinit                             init         0000
__Hintentry                         intentry     0000
__Hmaintext                         maintext     0000
__Hpowerup                          powerup      0000
__Hram                              ram          0000
__Hreset_vec                        reset_vec    0000
__Hsfr0                             sfr0         0000
__Hsfr1                             sfr1         0000
__Hsfr2                             sfr2         0000
__Hsfr3                             sfr3         0000
__Hspace_0                          (abs)        2008
__Hspace_1                          (abs)        007E
__Hspace_2                          (abs)        0000
__Hspace_3                          (abs)        0000
__Hstack                            stack        0000
__Hstrings                          strings      0000
__Htext                             text         0000
__Labs1                             abs1         0000
__Lbank0                            bank0        0000
__Lbank1                            bank1        0000
__Lbank2                            bank2        0000
__Lbank3                            bank3        0000
__LbssBANK0                         bssBANK0     0000
__Lcinit                            cinit        07F9
__Lclrtext                          clrtext      0000
__Lcode                             code         0000
__Lcommon                           common       0000
__Lconfig                           config       2007
__LcstackBANK0                      cstackBANK0  0000
__LcstackCOMMON                     cstackCOMMON 0000
__Leeprom_data                      eeprom_data  0000
__Lend_init                         end_init     0000
__Lfunctab                          functab      0000
__Lidloc                            idloc        0000
__Linit                             init         0000
__Lintentry                         intentry     0000
__Lmaintext                         maintext     0000
__Lpowerup                          powerup      0000
__Lram                              ram          0000
__Lreset_vec                        reset_vec    0000
__Lsfr0                             sfr0         0000
__Lsfr1                             sfr1         0000
__Lsfr2                             sfr2         0000
__Lsfr3                             sfr3         0000
__Lspace_0                          (abs)        0000
__Lspace_1                          (abs)        0000
__Lspace_2                          (abs)        0000
__Lspace_3                          (abs)        0000
__Lstack                            stack        0000
__Lstrings                          strings      0000
__Ltext                             text         0000
__S0                                (abs)        2008
__S1                                (abs)        007E
__S2                                (abs)        0000
__S3                                (abs)        0000
___awdiv                            text8        07A0
___awdiv@counter                    cstackCOMMON 0075
___awdiv@dividend                   cstackCOMMON 0072
___awdiv@divisor                    cstackCOMMON 0070
___awdiv@quotient                   cstackCOMMON 0077
___awdiv@sign                       cstackCOMMON 0076
___awmod                            text7        0704
___awmod@counter                    cstackCOMMON 0075
___awmod@dividend                   cstackCOMMON 0072
___awmod@divisor                    cstackCOMMON 0070
___awmod@sign                       cstackCOMMON 0076
___int_sp                           stack        0000
___latbits                          (abs)        0002
___sp                               stack        0000
___stackhi                          (abs)        0000
___stacklo                          (abs)        0000
__end_of___awdiv                    text8        07F9
__end_of___awmod                    text7        074F
__end_of__initialization            cinit        07FC
__end_of__stringtab                 strings      0009
__end_of_digitos                    strings      0013
__end_of_displayNumber              text3        07A0
__end_of_main                       maintext     0704
__end_of_max7219_Clear              text4        05FA
__end_of_max7219_Config             text1        0686
__end_of_max7219_WriteBits          text6        06C2
__end_of_max7219_WriteComando       text2        061E
__end_of_max7219_WriteDigito        text5        064F
__initialization                    cinit        07F9
__pbssBANK0                         bssBANK0     002E
__pcstackBANK0                      cstackBANK0  0020
__pcstackCOMMON                     cstackCOMMON 0070
__pmaintext                         maintext     06C2
__pstrings                          strings      0003
__ptext1                            text1        064F
__ptext2                            text2        05FA
__ptext3                            text3        074F
__ptext4                            text4        05E5
__ptext5                            text5        061E
__ptext6                            text6        0686
__ptext7                            text7        0704
__ptext8                            text8        07A0
__size_of___awdiv                   (abs)        0000
__size_of___awmod                   (abs)        0000
__size_of_displayNumber             (abs)        0000
__size_of_main                      (abs)        0000
__size_of_max7219_Clear             (abs)        0000
__size_of_max7219_Config            (abs)        0000
__size_of_max7219_WriteBits         (abs)        0000
__size_of_max7219_WriteComando      (abs)        0000
__size_of_max7219_WriteDigito       (abs)        0000
__stringbase                        strings      0008
__stringtab                         strings      0003
_digitos                            strings      0009
_displayNumber                      text3        074F
_main                               maintext     06C2
_max7219_Clear                      text4        05E5
_max7219_Config                     text1        064F
_max7219_WriteBits                  text6        0686
_max7219_WriteComando               text2        05FA
_max7219_WriteDigito                text5        061E
btemp                               (abs)        007E
displayNumber@number                cstackBANK0  0022
displayNumber@pos                   cstackBANK0  0027
displayNumber@result                cstackBANK0  0025
end_of_initialization               cinit        07FC
intlevel0                           functab      0000
intlevel1                           functab      0000
intlevel2                           functab      0000
intlevel3                           functab      0000
intlevel4                           functab      0000
intlevel5                           functab      0000
main@i                              cstackBANK0  002C
max7219_Clear@i                     cstackBANK0  0021
max7219_WriteBits@c                 cstackCOMMON 0077
max7219_WriteBits@temporal          cstackCOMMON 0075
max7219_WriteBits@valor             cstackCOMMON 0070
max7219_WriteComando@comando        cstackCOMMON 007B
max7219_WriteComando@temporal       cstackCOMMON 007C
max7219_WriteComando@valorDeComando cstackCOMMON 0078
max7219_WriteDigito@digito          cstackCOMMON 007B
max7219_WriteDigito@temporal        cstackCOMMON 007C
max7219_WriteDigito@valorDeDigito   cstackCOMMON 0078
reset_vec                           reset_vec    0000
start                               init         0000
start_initialization                cinit        07F9
wtemp0                              (abs)        007E


FUNCTION INFORMATION:

 *************** function _main *****************
 Defined at:
		line 17 in file "main.c"
 Parameters:    Size  Location     Type
		None
 Auto vars:     Size  Location     Type
  i               2   12[BANK0 ] int 
 Return value:  Size  Location     Type
                  1    wreg      void 
 Registers used:
		wreg, fsr0l, fsr0h, status,2, status,0, btemp+1, pclath, cstack
 Tracked objects:
		On entry : 
		On exit  : 
		Unchanged: 
 Data sizes:     COMMON   BANK0   BANK1   BANK3   BANK2
      Params:         0       0       0       0       0
      Locals:         0       2       0       0       0
      Temps:          0       3       0       0       0
      Totals:         0       5       0       0       0
Total ram usage:        5 bytes
 Hardware stack levels required when called:    4
 This function calls:
		_displayNumber
		_max7219_Clear
		_max7219_Config
 This function is called by:
		Startup code after reset
 This function uses a non-reentrant model


 *************** function _max7219_Config *****************
 Defined at:
		line 51 in file "./max7219.h"
 Parameters:    Size  Location     Type
		None
 Auto vars:     Size  Location     Type
		None
 Return value:  Size  Location     Type
                  1    wreg      void 
 Registers used:
		wreg, status,2, status,0, pclath, cstack
 Tracked objects:
		On entry : 
		On exit  : 
		Unchanged: 
 Data sizes:     COMMON   BANK0   BANK1   BANK3   BANK2
      Params:         0       0       0       0       0
      Locals:         0       0       0       0       0
      Temps:          0       1       0       0       0
      Totals:         0       1       0       0       0
Total ram usage:        1 bytes
 Hardware stack levels used:    1
 Hardware stack levels required when called:    2
 This function calls:
		_max7219_WriteComando
 This function is called by:
		_main
 This function uses a non-reentrant model


 *************** function _max7219_WriteComando *****************
 Defined at:
		line 105 in file "./max7219.h"
 Parameters:    Size  Location     Type
  comando         1    wreg     unsigned char 
  valorDeComan    1    8[COMMON] unsigned char 
 Auto vars:     Size  Location     Type
  comando         1   11[COMMON] unsigned char 
  temporal        2   12[COMMON] volatile unsigned int 
 Return value:  Size  Location     Type
                  1    wreg      void 
 Registers used:
		wreg, status,2, status,0, pclath, cstack
 Tracked objects:
		On entry : 
		On exit  : 
		Unchanged: 
 Data sizes:     COMMON   BANK0   BANK1   BANK3   BANK2
      Params:         1       0       0       0       0
      Locals:         3       0       0       0       0
      Temps:          2       0       0       0       0
      Totals:         6       0       0       0       0
Total ram usage:        6 bytes
 Hardware stack levels used:    1
 Hardware stack levels required when called:    1
 This function calls:
		_max7219_WriteBits
 This function is called by:
		_max7219_Config
		_max7219_Intensity
 This function uses a non-reentrant model


 *************** function _displayNumber *****************
 Defined at:
		line 31 in file "main.c"
 Parameters:    Size  Location     Type
  number          2    2[BANK0 ] int 
 Auto vars:     Size  Location     Type
  pos             2    7[BANK0 ] int 
  result          2    5[BANK0 ] int 
 Return value:  Size  Location     Type
                  1    wreg      void 
 Registers used:
		wreg, fsr0l, fsr0h, status,2, status,0, btemp+1, pclath, cstack
 Tracked objects:
		On entry : 
		On exit  : 
		Unchanged: 
 Data sizes:     COMMON   BANK0   BANK1   BANK3   BANK2
      Params:         0       2       0       0       0
      Locals:         0       4       0       0       0
      Temps:          0       1       0       0       0
      Totals:         0       7       0       0       0
Total ram usage:        7 bytes
 Hardware stack levels used:    1
 Hardware stack levels required when called:    3
 This function calls:
		___awdiv
		___awmod
		_max7219_Clear
		_max7219_WriteDigito
 This function is called by:
		_main
 This function uses a non-reentrant model


 *************** function _max7219_Clear *****************
 Defined at:
		line 114 in file "./max7219.h"
 Parameters:    Size  Location     Type
		None
 Auto vars:     Size  Location     Type
  i               1    1[BANK0 ] unsigned char 
 Return value:  Size  Location     Type
                  1    wreg      void 
 Registers used:
		wreg, fsr0l, fsr0h, status,2, status,0, pclath, cstack
 Tracked objects:
		On entry : 
		On exit  : 
		Unchanged: 
 Data sizes:     COMMON   BANK0   BANK1   BANK3   BANK2
      Params:         0       0       0       0       0
      Locals:         0       1       0       0       0
      Temps:          0       1       0       0       0
      Totals:         0       2       0       0       0
Total ram usage:        2 bytes
 Hardware stack levels used:    1
 Hardware stack levels required when called:    2
 This function calls:
		_max7219_WriteDigito
 This function is called by:
		_main
		_displayNumber
 This function uses a non-reentrant model


 *************** function _max7219_WriteDigito *****************
 Defined at:
		line 68 in file "./max7219.h"
 Parameters:    Size  Location     Type
  digito          1    wreg     unsigned char 
  valorDeDigit    1    8[COMMON] unsigned char 
 Auto vars:     Size  Location     Type
  digito          1   11[COMMON] unsigned char 
  temporal        2   12[COMMON] volatile unsigned int 
 Return value:  Size  Location     Type
                  1    wreg      void 
 Registers used:
		wreg, fsr0l, fsr0h, status,2, status,0, pclath, cstack
 Tracked objects:
		On entry : 
		On exit  : 
		Unchanged: 
 Data sizes:     COMMON   BANK0   BANK1   BANK3   BANK2
      Params:         1       0       0       0       0
      Locals:         3       0       0       0       0
      Temps:          2       0       0       0       0
      Totals:         6       0       0       0       0
Total ram usage:        6 bytes
 Hardware stack levels used:    1
 Hardware stack levels required when called:    1
 This function calls:
		_max7219_WriteBits
 This function is called by:
		_max7219_Clear
		_displayNumber
 This function uses a non-reentrant model


 *************** function _max7219_WriteBits *****************
 Defined at:
		line 86 in file "./max7219.h"
 Parameters:    Size  Location     Type
  valor           2    0[COMMON] unsigned int 
 Auto vars:     Size  Location     Type
  temporal        2    5[COMMON] volatile unsigned int 
  c               1    7[COMMON] volatile unsigned char 
 Return value:  Size  Location     Type
                  1    wreg      void 
 Registers used:
		wreg, status,2, status,0
 Tracked objects:
		On entry : 
		On exit  : 
		Unchanged: 
 Data sizes:     COMMON   BANK0   BANK1   BANK3   BANK2
      Params:         2       0       0       0       0
      Locals:         3       0       0       0       0
      Temps:          3       0       0       0       0
      Totals:         8       0       0       0       0
Total ram usage:        8 bytes
 Hardware stack levels used:    1
 This function calls:
		Nothing
 This function is called by:
		_max7219_WriteDigito
		_max7219_WriteComando
 This function uses a non-reentrant model


 *************** function ___awmod *****************
 Defined at:
		line 5 in file "C:\Progranm Files (x86)\Microchip\xc8\v2.05\pic\sources\c90\common\awmod.c"
 Parameters:    Size  Location     Type
  divisor         2    0[COMMON] int 
  dividend        2    2[COMMON] int 
 Auto vars:     Size  Location     Type
  sign            1    6[COMMON] unsigned char 
  counter         1    5[COMMON] unsigned char 
 Return value:  Size  Location     Type
                  2    0[COMMON] int 
 Registers used:
		wreg, status,2, status,0
 Tracked objects:
		On entry : 
		On exit  : 
		Unchanged: 
 Data sizes:     COMMON   BANK0   BANK1   BANK3   BANK2
      Params:         4       0       0       0       0
      Locals:         2       0       0       0       0
      Temps:          1       0       0       0       0
      Totals:         7       0       0       0       0
Total ram usage:        7 bytes
 Hardware stack levels used:    1
 This function calls:
		Nothing
 This function is called by:
		_displayNumber
 This function uses a non-reentrant model


 *************** function ___awdiv *****************
 Defined at:
		line 5 in file "C:\Progranm Files (x86)\Microchip\xc8\v2.05\pic\sources\c90\common\awdiv.c"
 Parameters:    Size  Location     Type
  divisor         2    0[COMMON] int 
  dividend        2    2[COMMON] int 
 Auto vars:     Size  Location     Type
  quotient        2    7[COMMON] int 
  sign            1    6[COMMON] unsigned char 
  counter         1    5[COMMON] unsigned char 
 Return value:  Size  Location     Type
                  2    0[COMMON] int 
 Registers used:
		wreg, status,2, status,0
 Tracked objects:
		On entry : 
		On exit  : 
		Unchanged: 
 Data sizes:     COMMON   BANK0   BANK1   BANK3   BANK2
      Params:         4       0       0       0       0
      Locals:         4       0       0       0       0
      Temps:          1       0       0       0       0
      Totals:         9       0       0       0       0
Total ram usage:        9 bytes
 Hardware stack levels used:    1
 This function calls:
		Nothing
 This function is called by:
		_displayNumber
 This function uses a non-reentrant model



MODULE INFORMATION

Module		Function		Class		Link	Load	Size
C:\Progranm Files (x86)\Microchip\xc8\v2.05\pic\sources\c90\common\awmod.c
		___awmod       		CODE           	0704	0000	76

C:\Progranm Files (x86)\Microchip\xc8\v2.05\pic\sources\c90\common\awmod.c estimated size: 76

shared
		_digitos       		STRING         	0009	0000	11
		__stringtab    		STRING         	0003	0000	7
		__initialization		CODE           	07F9	0000	4

shared estimated size: 22

./max7219.h
		_max7219_Clear 		CODE           	05E5	0000	22
		_max7219_Config		CODE           	064F	0000	56
		_max7219_WriteComando		CODE           	05FA	0000	37
		_max7219_WriteBits		CODE           	0686	0000	61
		_max7219_WriteDigito		CODE           	061E	0000	50

./max7219.h estimated size: 226

main.c
		_main          		CODE           	06C2	0000	67
		_displayNumber 		CODE           	074F	0000	82

main.c estimated size: 149

C:\Progranm Files (x86)\Microchip\xc8\v2.05\pic\sources\c90\common\awdiv.c
		___awdiv       		CODE           	07A0	0000	90

C:\Progranm Files (x86)\Microchip\xc8\v2.05\pic\sources\c90\common\awdiv.c estimated size: 90

